package com.ruppyrup.javapoet.schema1;

import java.lang.String;
import lombok.Builder;
import lombok.Value;
import lombok.experimental.Accessors;

@Builder(
    setterPrefix = "with",
    builderClassName = "Builder",
    buildMethodName = "build0",
    toBuilder = true
)
@Accessors(
    fluent = true
)
@Value
public class Address {
  @lombok.Builder.Default
  String street = "Rances Lane";

  @lombok.Builder.Default
  String city = "Wokingham";

  @lombok.Builder.Default
  String state = "Berkshire";

  PostalCode postalCode;

  public static class Builder {
    PostalCode.Builder postalCode = PostalCode.builder();

    public Address build() {
      return this.build0();
    }
  }
}
