package com.ruppyrup.javapoet.schema1;

import java.lang.String;
import lombok.Builder;
import lombok.Value;
import lombok.experimental.Accessors;

@Builder(
    setterPrefix = "with",
    builderClassName = "Builder",
    buildMethodName = "build0",
    toBuilder = true
)
@Accessors(
    fluent = true
)
@Value
public class Book {
  @lombok.Builder.Default
  String author = "J R Hartley";

  @lombok.Builder.Default
  String title = "Fly fishing";

  public static class Builder {
    public Book build() {
      return this
          .build0();
    }
  }
}
