package com.ruppyrup.javapoet.schema1;

import java.lang.Boolean;
import java.lang.Integer;
import java.lang.Number;
import java.lang.String;
import java.util.Arrays;
import java.util.List;
import lombok.Builder;
import lombok.Value;
import lombok.experimental.Accessors;

@Builder(
    setterPrefix = "with",
    builderClassName = "Builder",
    buildMethodName = "build0",
    toBuilder = true
)
@Accessors(
    fluent = true
)
@Value
public class Parent {
  @lombok.Builder.Default
  String name = "Rupert";

  @lombok.Builder.Default
  List<Boolean> coinToss = Arrays.asList(true,false,true);

  @lombok.Builder.Default
  Boolean male = false;

  @lombok.Builder.Default
  Integer age = 33;

  Address address;

  @lombok.Builder.Default
  List<String> hobbies = Arrays.asList("fishing","triathlon");

  @lombok.Builder.Default
  List<Integer> luckyNumbers = Arrays.asList(77,39);

  @lombok.Builder.Default
  Number yearsInHouse = 16.9;

  @lombok.Builder.Default
  List<Integer> emptyInts = Arrays.asList();

  @lombok.Builder.Default
  List<Number> meterReadings = Arrays.asList(16.9,120.9,200.64);

  public static class Builder {
    Address.Builder address = Address.builder();

    public Parent build() {
      return this.build0();
    }
  }
}
